18:51:01 **** Incremental Build of configuration Debug for project network-protocol-analyzer-XMC4700 ****
"\"C:\\DAVEv4-64Bit\\DAVE-4.3.2\\eclipse\\ARM-GCC-49\\bin\\make\"" --output-sync -j4 all 
'Invoking: ARM-GCC Print Size'
"C:/DAVEv4-64Bit/DAVE-4.3.2/eclipse/ARM-GCC-49/bin/arm-none-eabi-size" --format=berkeley "network-protocol-analyzer-XMC4700.elf"
   text	   data	    bss	    dec	    hex	filename
  40816	    128	  43436	  84380	  1499c	network-protocol-analyzer-XMC4700.elf
'Finished building: network-protocol-analyzer-XMC4700.siz'


18:51:02 Build Finished (took 601ms)

